Archive member included to satisfy reference by file (symbol)

/home/raffael/Desktop/Polytech/SEA8/archi2/riscv-compiler/bin/../lib/gcc/riscv32-unknown-elf/11.1.0/libgcc.a(_udivdi3.o)
                              build/lib/misc/print.c.o (__udivdi3)
/home/raffael/Desktop/Polytech/SEA8/archi2/riscv-compiler/bin/../lib/gcc/riscv32-unknown-elf/11.1.0/libgcc.a(_umoddi3.o)
                              build/lib/misc/print.c.o (__umoddi3)
/home/raffael/Desktop/Polytech/SEA8/archi2/riscv-compiler/bin/../lib/gcc/riscv32-unknown-elf/11.1.0/libgcc.a(_clz.o)
                              /home/raffael/Desktop/Polytech/SEA8/archi2/riscv-compiler/bin/../lib/gcc/riscv32-unknown-elf/11.1.0/libgcc.a(_udivdi3.o) (__clz_tab)

Discarded input sections

 .text          0x0000000000000000        0x8 build/crt0.S.o
 .data          0x0000000000000000        0x0 build/crt0.S.o
 .bss           0x0000000000000000        0x0 build/crt0.S.o
 .text          0x0000000000000000        0x0 build/lib/misc/print.c.o
 .data          0x0000000000000000        0x0 build/lib/misc/print.c.o
 .bss           0x0000000000000000        0x0 build/lib/misc/print.c.o
 .text.vprint   0x0000000000000000      0x284 build/lib/misc/print.c.o
 .text.print    0x0000000000000000       0x22 build/lib/misc/print.c.o
 .comment       0x0000000000000000       0x13 build/lib/misc/print.c.o
 .riscv.attributes
                0x0000000000000000       0x26 build/lib/misc/print.c.o
 .text          0x0000000000000000        0x0 build/src/system.c.o
 .data          0x0000000000000000        0x0 build/src/system.c.o
 .bss           0x0000000000000000        0x0 build/src/system.c.o
 .text          0x0000000000000000        0x0 build/src/serial.c.o
 .data          0x0000000000000000        0x0 build/src/serial.c.o
 .bss           0x0000000000000000        0x0 build/src/serial.c.o
 .text.SerialTick
                0x0000000000000000       0x10 build/src/serial.c.o
 .text.SerialSendMessage
                0x0000000000000000       0x12 build/src/serial.c.o
 .text          0x0000000000000000        0x0 build/src/main.c.o
 .data          0x0000000000000000        0x0 build/src/main.c.o
 .bss           0x0000000000000000        0x0 build/src/main.c.o
 .text          0x0000000000000000        0x0 build/lib/libarch/uart.c.o
 .data          0x0000000000000000        0x0 build/lib/libarch/uart.c.o
 .bss           0x0000000000000000        0x0 build/lib/libarch/uart.c.o
 .text.UART1_Clean
                0x0000000000000000       0x4a build/lib/libarch/uart.c.o
 .text          0x0000000000000000        0x0 build/lib/libarch/timer.c.o
 .data          0x0000000000000000        0x0 build/lib/libarch/timer.c.o
 .bss           0x0000000000000000        0x0 build/lib/libarch/timer.c.o
 .text          0x0000000000000000        0x0 build/src/crc8.c.o
 .data          0x0000000000000000        0x0 build/src/crc8.c.o
 .bss           0x0000000000000000        0x0 build/src/crc8.c.o
 .text          0x0000000000000000      0x35e /home/raffael/Desktop/Polytech/SEA8/archi2/riscv-compiler/bin/../lib/gcc/riscv32-unknown-elf/11.1.0/libgcc.a(_udivdi3.o)
 .data          0x0000000000000000        0x0 /home/raffael/Desktop/Polytech/SEA8/archi2/riscv-compiler/bin/../lib/gcc/riscv32-unknown-elf/11.1.0/libgcc.a(_udivdi3.o)
 .bss           0x0000000000000000        0x0 /home/raffael/Desktop/Polytech/SEA8/archi2/riscv-compiler/bin/../lib/gcc/riscv32-unknown-elf/11.1.0/libgcc.a(_udivdi3.o)
 .text          0x0000000000000000      0x31e /home/raffael/Desktop/Polytech/SEA8/archi2/riscv-compiler/bin/../lib/gcc/riscv32-unknown-elf/11.1.0/libgcc.a(_umoddi3.o)
 .data          0x0000000000000000        0x0 /home/raffael/Desktop/Polytech/SEA8/archi2/riscv-compiler/bin/../lib/gcc/riscv32-unknown-elf/11.1.0/libgcc.a(_umoddi3.o)
 .bss           0x0000000000000000        0x0 /home/raffael/Desktop/Polytech/SEA8/archi2/riscv-compiler/bin/../lib/gcc/riscv32-unknown-elf/11.1.0/libgcc.a(_umoddi3.o)
 .text          0x0000000000000000        0x0 /home/raffael/Desktop/Polytech/SEA8/archi2/riscv-compiler/bin/../lib/gcc/riscv32-unknown-elf/11.1.0/libgcc.a(_clz.o)
 .data          0x0000000000000000        0x0 /home/raffael/Desktop/Polytech/SEA8/archi2/riscv-compiler/bin/../lib/gcc/riscv32-unknown-elf/11.1.0/libgcc.a(_clz.o)
 .bss           0x0000000000000000        0x0 /home/raffael/Desktop/Polytech/SEA8/archi2/riscv-compiler/bin/../lib/gcc/riscv32-unknown-elf/11.1.0/libgcc.a(_clz.o)
 .rodata        0x0000000000000000      0x100 /home/raffael/Desktop/Polytech/SEA8/archi2/riscv-compiler/bin/../lib/gcc/riscv32-unknown-elf/11.1.0/libgcc.a(_clz.o)
 .debug_info    0x0000000000000000       0xd8 /home/raffael/Desktop/Polytech/SEA8/archi2/riscv-compiler/bin/../lib/gcc/riscv32-unknown-elf/11.1.0/libgcc.a(_clz.o)
 .debug_abbrev  0x0000000000000000       0x70 /home/raffael/Desktop/Polytech/SEA8/archi2/riscv-compiler/bin/../lib/gcc/riscv32-unknown-elf/11.1.0/libgcc.a(_clz.o)
 .debug_aranges
                0x0000000000000000       0x18 /home/raffael/Desktop/Polytech/SEA8/archi2/riscv-compiler/bin/../lib/gcc/riscv32-unknown-elf/11.1.0/libgcc.a(_clz.o)
 .debug_line    0x0000000000000000       0x3f /home/raffael/Desktop/Polytech/SEA8/archi2/riscv-compiler/bin/../lib/gcc/riscv32-unknown-elf/11.1.0/libgcc.a(_clz.o)
 .debug_str     0x0000000000000000      0x196 /home/raffael/Desktop/Polytech/SEA8/archi2/riscv-compiler/bin/../lib/gcc/riscv32-unknown-elf/11.1.0/libgcc.a(_clz.o)
 .debug_line_str
                0x0000000000000000      0x144 /home/raffael/Desktop/Polytech/SEA8/archi2/riscv-compiler/bin/../lib/gcc/riscv32-unknown-elf/11.1.0/libgcc.a(_clz.o)
 .comment       0x0000000000000000       0x13 /home/raffael/Desktop/Polytech/SEA8/archi2/riscv-compiler/bin/../lib/gcc/riscv32-unknown-elf/11.1.0/libgcc.a(_clz.o)
 .riscv.attributes
                0x0000000000000000       0x26 /home/raffael/Desktop/Polytech/SEA8/archi2/riscv-compiler/bin/../lib/gcc/riscv32-unknown-elf/11.1.0/libgcc.a(_clz.o)

Memory Configuration

Name             Origin             Length             Attributes
ROM              0x0000000008000000 0x0000000000001000 xr
RAM              0x0000000010010000 0x0000000000010000 w
*default*        0x0000000000000000 0xffffffffffffffff

Linker script and memory map

LOAD build/crt0.S.o
LOAD build/lib/misc/print.c.o
LOAD build/src/system.c.o
LOAD build/src/serial.c.o
LOAD build/src/main.c.o
LOAD build/lib/libarch/uart.c.o
LOAD build/lib/libarch/timer.c.o
LOAD build/src/crc8.c.o
START GROUP
LOAD /home/raffael/Desktop/Polytech/SEA8/archi2/riscv-compiler/bin/../lib/gcc/riscv32-unknown-elf/11.1.0/../../../../riscv32-unknown-elf/lib/libnosys.a
LOAD /home/raffael/Desktop/Polytech/SEA8/archi2/riscv-compiler/bin/../lib/gcc/riscv32-unknown-elf/11.1.0/../../../../riscv32-unknown-elf/lib/libc_nano.a
LOAD /home/raffael/Desktop/Polytech/SEA8/archi2/riscv-compiler/bin/../lib/gcc/riscv32-unknown-elf/11.1.0/libgcc.a
LOAD /home/raffael/Desktop/Polytech/SEA8/archi2/riscv-compiler/bin/../lib/gcc/riscv32-unknown-elf/11.1.0/../../../../riscv32-unknown-elf/lib/libsupc++.a
END GROUP
                0x0000000008000000                __ROM_BASE = 0x8000000
                0x0000000000001000                __ROM_SIZE = 0x1000
                0x0000000010010000                __RAM_BASE = 0x10010000
                0x0000000000010000                __RAM_SIZE = 0x10000
                0x0000000000000800                __STACK_SIZE = 0x800
                0x0000000000000400                __HEAP_SIZE = 0x400

.text           0x0000000008000000      0x8cc
 *(.vectors)
 .vectors       0x0000000008000000       0x8c build/crt0.S.o
 *(.text)
 *(.text.*)
 .text.Reset_Handler
                0x000000000800008c       0x62 build/crt0.S.o
                0x000000000800008c                Reset_Handler
 .text.Default_Handler
                0x00000000080000ee        0x2 build/crt0.S.o
                0x00000000080000ee                IRQ_08_Handler
                0x00000000080000ee                IRQ_06_Handler
                0x00000000080000ee                IRQ_11_Handler
                0x00000000080000ee                IRQ_10_Handler
                0x00000000080000ee                IRQ_07_Handler
                0x00000000080000ee                IRQ_01_Handler
                0x00000000080000ee                IRQ_13_Handler
                0x00000000080000ee                IRQ_14_Handler
                0x00000000080000ee                IRQ_02_Handler
                0x00000000080000ee                IRQ_05_Handler
                0x00000000080000ee                IRQ_NMI_Handler
                0x00000000080000ee                IRQ_09_Handler
                0x00000000080000ee                IRQ_03_Handler
                0x00000000080000ee                IRQ_12_Handler
 .text.SystemInit
                0x00000000080000f0       0x68 build/src/system.c.o
                0x00000000080000f0                SystemInit
 .text.SerialSendMessage.part.0
                0x0000000008000158       0x66 build/src/serial.c.o
 .text.clock    0x00000000080001be        0xa build/src/serial.c.o
                0x00000000080001be                clock
 .text.rst_clock
                0x00000000080001c8        0xa build/src/serial.c.o
                0x00000000080001c8                rst_clock
 .text.SerialReceive
                0x00000000080001d2      0x20e build/src/serial.c.o
                0x00000000080001d2                SerialReceive
 .text.timer_clock_cb
                0x00000000080003e0        0x2 build/src/main.c.o
 .text.startup.main
                0x00000000080003e2      0x116 build/src/main.c.o
                0x00000000080003e2                main
 .text.Default_Handler
                0x00000000080004f8       0x12 build/src/main.c.o
                0x00000000080004f8                Default_Handler
 .text.UART1_get_TxCount
                0x000000000800050a        0xa build/lib/libarch/uart.c.o
                0x000000000800050a                UART1_get_TxCount
 .text.UART1_Init
                0x0000000008000514       0x64 build/lib/libarch/uart.c.o
                0x0000000008000514                UART1_Init
 .text.UART1_IsRxNotEmpty
                0x0000000008000578       0x18 build/lib/libarch/uart.c.o
                0x0000000008000578                UART1_IsRxNotEmpty
 .text.UART1_Read
                0x0000000008000590       0x5e build/lib/libarch/uart.c.o
                0x0000000008000590                UART1_Read
 .text.UART1_Write
                0x00000000080005ee       0x60 build/lib/libarch/uart.c.o
                0x00000000080005ee                UART1_Write
 .text.IRQ_04_Handler
                0x000000000800064e       0xf0 build/lib/libarch/uart.c.o
                0x000000000800064e                IRQ_04_Handler
 .text.set_timer_ms
                0x000000000800073e       0x58 build/lib/libarch/timer.c.o
                0x000000000800073e                set_timer_ms
 .text.IRQ_00_Handler
                0x0000000008000796       0x72 build/lib/libarch/timer.c.o
                0x0000000008000796                IRQ_00_Handler
 .text.CRC8_Init
                0x0000000008000808       0x32 build/src/crc8.c.o
                0x0000000008000808                CRC8_Init
 *(.init)
 *(.fini)
 *crtbegin.o(.ctors)
 *crtbegin?.o(.ctors)
 *(EXCLUDE_FILE(*crtend.o *crtend?.o) .ctors)
 *(SORT_BY_NAME(.ctors.*))
 *(.ctors)
 *crtbegin.o(.dtors)
 *crtbegin?.o(.dtors)
 *(EXCLUDE_FILE(*crtend.o *crtend?.o) .dtors)
 *(SORT_BY_NAME(.dtors.*))
 *(.dtors)
 *(.lit)
 *(.shdata)
 *(.rodata)
 *(.rodata.*)
 *fill*         0x000000000800083a        0x2 
 .rodata.SerialReceive
                0x000000000800083c       0x18 build/src/serial.c.o
 .rodata.message
                0x0000000008000854       0x25 build/src/main.c.o
 *(.eh_frame*)
 *fill*         0x0000000008000879        0x3 
 .eh_frame      0x000000000800087c       0x28 /home/raffael/Desktop/Polytech/SEA8/archi2/riscv-compiler/bin/../lib/gcc/riscv32-unknown-elf/11.1.0/libgcc.a(_udivdi3.o)
 .eh_frame      0x00000000080008a4       0x28 /home/raffael/Desktop/Polytech/SEA8/archi2/riscv-compiler/bin/../lib/gcc/riscv32-unknown-elf/11.1.0/libgcc.a(_umoddi3.o)
 *(.shbss)

.rela.dyn       0x00000000080008cc        0x0
 .rela.text.Reset_Handler
                0x00000000080008cc        0x0 build/crt0.S.o
 .rela.vectors  0x00000000080008cc        0x0 build/crt0.S.o
                0x00000000080008cc                . = ALIGN (0x4)
                0x00000000080008cc                _text_end = .

.data           0x0000000010010000        0x0 load address 0x00000000080008cc
                0x0000000010010000                _data_start = .
 *(vtable)
 *(.data)
 *(.data.*)
 *(.sdata)
 *(.sdata.*)
                0x0000000010010000                . = ALIGN (0x4)
                [!provide]                        PROVIDE (__preinit_array_start = .)
 *(.preinit_array)
                [!provide]                        PROVIDE (__preinit_array_end = .)
                0x0000000010010000                . = ALIGN (0x4)
                [!provide]                        PROVIDE (__init_array_start = .)
 *(SORT_BY_NAME(.init_array.*))
 *(.init_array)
                [!provide]                        PROVIDE (__init_array_end = .)
                0x0000000010010000                . = ALIGN (0x4)
                [!provide]                        PROVIDE (__fini_array_start = .)
 *(SORT_BY_NAME(.fini_array.*))
 *(.fini_array)
                [!provide]                        PROVIDE (__fini_array_end = .)
 *(.jcr*)
                0x0000000010010000                . = ALIGN (0x4)
                0x0000000010010000                _data_end = .

.bss            0x0000000010010000      0x38c
                0x0000000010010000                . = ALIGN (0x4)
                0x0000000010010000                _bss_start = .
 *(.bss)
 *(.bss.*)
 .bss.buffer.1  0x0000000010010000       0x50 build/src/serial.c.o
 .bss.UART1_RxBuffer
                0x0000000010010050      0x100 build/lib/libarch/uart.c.o
 .bss.UART1_TxBuffer
                0x0000000010010150      0x100 build/lib/libarch/uart.c.o
 .bss.CRC8_TABLE
                0x0000000010010250      0x100 build/src/crc8.c.o
                0x0000000010010250                CRC8_TABLE
 *(.sbss)
 *(.sbss.*)
 .sbss._clock   0x0000000010010350        0x4 build/src/serial.c.o
 .sbss.base.0   0x0000000010010354        0x4 build/src/serial.c.o
 .sbss.crc.4    0x0000000010010358        0x1 build/src/serial.c.o
 *fill*         0x0000000010010359        0x3 
 .sbss.length.2
                0x000000001001035c        0x4 build/src/serial.c.o
 .sbss.p.3      0x0000000010010360        0x4 build/src/serial.c.o
 .sbss.step.5   0x0000000010010364        0x4 build/src/serial.c.o
 .sbss.timeout.6
                0x0000000010010368        0x4 build/src/serial.c.o
 .sbss.UART1_RxCount
                0x000000001001036c        0x4 build/lib/libarch/uart.c.o
 .sbss.UART1_RxFirst
                0x0000000010010370        0x4 build/lib/libarch/uart.c.o
 .sbss.UART1_RxLast
                0x0000000010010374        0x4 build/lib/libarch/uart.c.o
 .sbss.UART1_TxCount
                0x0000000010010378        0x4 build/lib/libarch/uart.c.o
 .sbss.UART1_TxFirst
                0x000000001001037c        0x4 build/lib/libarch/uart.c.o
 .sbss.UART1_TxLast
                0x0000000010010380        0x4 build/lib/libarch/uart.c.o
 .sbss.g_callback
                0x0000000010010384        0x4 build/lib/libarch/timer.c.o
 .sbss.g_callback_code
                0x0000000010010388        0x4 build/lib/libarch/timer.c.o
 *(COMMON)
                0x000000001001038c                . = ALIGN (0x4)
                0x000000001001038c                _bss_end = .

.heap           0x000000001001038c      0x404
                0x0000000010010390                . = ALIGN (0x8)
 *fill*         0x000000001001038c        0x4 
                0x0000000010010390                __end__ = .
                0x0000000010010390                _end = .
                [!provide]                        PROVIDE (end = .)
                0x0000000010010790                . = (. + __HEAP_SIZE)
 *fill*         0x0000000010010390      0x400 
                0x0000000010010790                . = ALIGN (0x8)
                0x0000000010010790                __HeapLimit = .

.stack          0x000000001001f800      0x800
                0x000000001001f800                . = ALIGN (0x8)
                0x000000001001f800                __StackLimit = .
                0x0000000010020000                . = (. + __STACK_SIZE)
 *fill*         0x000000001001f800      0x800 
                0x0000000010020000                . = ALIGN (0x8)
                0x0000000010020000                __StackTop = .
                0x0000000010020000                PROVIDE (__stack = __StackTop)
OUTPUT(output/bootloader_icobs_light.elf elf32-littleriscv)

.riscv.attributes
                0x0000000000000000       0x2a
 .riscv.attributes
                0x0000000000000000       0x24 build/crt0.S.o
 .riscv.attributes
                0x0000000000000024       0x2a build/src/system.c.o
 .riscv.attributes
                0x000000000000004e       0x26 build/src/serial.c.o
 .riscv.attributes
                0x0000000000000074       0x26 build/src/main.c.o
 .riscv.attributes
                0x000000000000009a       0x2a build/lib/libarch/uart.c.o
 .riscv.attributes
                0x00000000000000c4       0x2a build/lib/libarch/timer.c.o
 .riscv.attributes
                0x00000000000000ee       0x26 build/src/crc8.c.o
 .riscv.attributes
                0x0000000000000114       0x26 /home/raffael/Desktop/Polytech/SEA8/archi2/riscv-compiler/bin/../lib/gcc/riscv32-unknown-elf/11.1.0/libgcc.a(_udivdi3.o)
 .riscv.attributes
                0x000000000000013a       0x26 /home/raffael/Desktop/Polytech/SEA8/archi2/riscv-compiler/bin/../lib/gcc/riscv32-unknown-elf/11.1.0/libgcc.a(_umoddi3.o)

.comment        0x0000000000000000       0x12
 .comment       0x0000000000000000       0x12 build/src/system.c.o
                                         0x13 (size before relaxing)
 .comment       0x0000000000000012       0x13 build/src/serial.c.o
 .comment       0x0000000000000012       0x13 build/src/main.c.o
 .comment       0x0000000000000012       0x13 build/lib/libarch/uart.c.o
 .comment       0x0000000000000012       0x13 build/lib/libarch/timer.c.o
 .comment       0x0000000000000012       0x13 build/src/crc8.c.o
 .comment       0x0000000000000012       0x13 /home/raffael/Desktop/Polytech/SEA8/archi2/riscv-compiler/bin/../lib/gcc/riscv32-unknown-elf/11.1.0/libgcc.a(_udivdi3.o)
 .comment       0x0000000000000012       0x13 /home/raffael/Desktop/Polytech/SEA8/archi2/riscv-compiler/bin/../lib/gcc/riscv32-unknown-elf/11.1.0/libgcc.a(_umoddi3.o)

.debug_info     0x0000000000000000      0xf16
 .debug_info    0x0000000000000000      0x761 /home/raffael/Desktop/Polytech/SEA8/archi2/riscv-compiler/bin/../lib/gcc/riscv32-unknown-elf/11.1.0/libgcc.a(_udivdi3.o)
 .debug_info    0x0000000000000761      0x7b5 /home/raffael/Desktop/Polytech/SEA8/archi2/riscv-compiler/bin/../lib/gcc/riscv32-unknown-elf/11.1.0/libgcc.a(_umoddi3.o)

.debug_abbrev   0x0000000000000000      0x361
 .debug_abbrev  0x0000000000000000      0x1a6 /home/raffael/Desktop/Polytech/SEA8/archi2/riscv-compiler/bin/../lib/gcc/riscv32-unknown-elf/11.1.0/libgcc.a(_udivdi3.o)
 .debug_abbrev  0x00000000000001a6      0x1bb /home/raffael/Desktop/Polytech/SEA8/archi2/riscv-compiler/bin/../lib/gcc/riscv32-unknown-elf/11.1.0/libgcc.a(_umoddi3.o)

.debug_loclists
                0x0000000000000000     0x1303
 .debug_loclists
                0x0000000000000000      0xa99 /home/raffael/Desktop/Polytech/SEA8/archi2/riscv-compiler/bin/../lib/gcc/riscv32-unknown-elf/11.1.0/libgcc.a(_udivdi3.o)
 .debug_loclists
                0x0000000000000a99      0x86a /home/raffael/Desktop/Polytech/SEA8/archi2/riscv-compiler/bin/../lib/gcc/riscv32-unknown-elf/11.1.0/libgcc.a(_umoddi3.o)

.debug_aranges  0x0000000000000000       0x40
 .debug_aranges
                0x0000000000000000       0x20 /home/raffael/Desktop/Polytech/SEA8/archi2/riscv-compiler/bin/../lib/gcc/riscv32-unknown-elf/11.1.0/libgcc.a(_udivdi3.o)
 .debug_aranges
                0x0000000000000020       0x20 /home/raffael/Desktop/Polytech/SEA8/archi2/riscv-compiler/bin/../lib/gcc/riscv32-unknown-elf/11.1.0/libgcc.a(_umoddi3.o)

.debug_rnglists
                0x0000000000000000      0x1e2
 .debug_rnglists
                0x0000000000000000      0x111 /home/raffael/Desktop/Polytech/SEA8/archi2/riscv-compiler/bin/../lib/gcc/riscv32-unknown-elf/11.1.0/libgcc.a(_udivdi3.o)
 .debug_rnglists
                0x0000000000000111       0xd1 /home/raffael/Desktop/Polytech/SEA8/archi2/riscv-compiler/bin/../lib/gcc/riscv32-unknown-elf/11.1.0/libgcc.a(_umoddi3.o)

.debug_line     0x0000000000000000      0xec8
 .debug_line    0x0000000000000000      0x727 /home/raffael/Desktop/Polytech/SEA8/archi2/riscv-compiler/bin/../lib/gcc/riscv32-unknown-elf/11.1.0/libgcc.a(_udivdi3.o)
 .debug_line    0x0000000000000727      0x7a1 /home/raffael/Desktop/Polytech/SEA8/archi2/riscv-compiler/bin/../lib/gcc/riscv32-unknown-elf/11.1.0/libgcc.a(_umoddi3.o)

.debug_str      0x0000000000000000      0x1f3
 .debug_str     0x0000000000000000      0x1e9 /home/raffael/Desktop/Polytech/SEA8/archi2/riscv-compiler/bin/../lib/gcc/riscv32-unknown-elf/11.1.0/libgcc.a(_udivdi3.o)
                                        0x249 (size before relaxing)
 .debug_str     0x00000000000001e9        0xa /home/raffael/Desktop/Polytech/SEA8/archi2/riscv-compiler/bin/../lib/gcc/riscv32-unknown-elf/11.1.0/libgcc.a(_umoddi3.o)
                                        0x249 (size before relaxing)

.debug_line_str
                0x0000000000000000       0xb0
 .debug_line_str
                0x0000000000000000       0xb0 /home/raffael/Desktop/Polytech/SEA8/archi2/riscv-compiler/bin/../lib/gcc/riscv32-unknown-elf/11.1.0/libgcc.a(_udivdi3.o)
                                        0x144 (size before relaxing)
 .debug_line_str
                0x00000000000000b0      0x144 /home/raffael/Desktop/Polytech/SEA8/archi2/riscv-compiler/bin/../lib/gcc/riscv32-unknown-elf/11.1.0/libgcc.a(_umoddi3.o)
